current directory: /Users/christianroy/P/referentiel/vendor/bundle/ruby/3.2.0/gems/psych-5.3.1/ext/psych
/Users/christianroy/.rvm/rubies/ruby-3.2.0/bin/ruby -I /Users/christianroy/.rvm/rubies/ruby-3.2.0/lib/ruby/3.2.0 extconf.rb
checking for yaml.h... yes
checking for yaml_get_version() in -lyaml... yes
creating Makefile

current directory: /Users/christianroy/P/referentiel/vendor/bundle/ruby/3.2.0/gems/psych-5.3.1/ext/psych
make DESTDIR\= sitearchdir\=./.gem.20260209-58424-x5esjh sitelibdir\=./.gem.20260209-58424-x5esjh clean
cd libyaml && /Applications/Xcode.app/Contents/Developer/usr/bin/make clean
/bin/sh: line 0: cd: libyaml: No such file or directory
make: [clean-so] Error 1 (ignored)

current directory: /Users/christianroy/P/referentiel/vendor/bundle/ruby/3.2.0/gems/psych-5.3.1/ext/psych
make DESTDIR\= sitearchdir\=./.gem.20260209-58424-x5esjh sitelibdir\=./.gem.20260209-58424-x5esjh
compiling psych.c
compiling psych_emitter.c
compiling psych_parser.c
compiling psych_to_ruby.c
compiling psych_yaml_tree.c
linking shared-object psych.bundle

current directory: /Users/christianroy/P/referentiel/vendor/bundle/ruby/3.2.0/gems/psych-5.3.1/ext/psych
make DESTDIR\= sitearchdir\=./.gem.20260209-58424-x5esjh sitelibdir\=./.gem.20260209-58424-x5esjh install
/usr/local/opt/coreutils/bin/ginstall -c -m 0755 psych.bundle ./.gem.20260209-58424-x5esjh

current directory: /Users/christianroy/P/referentiel/vendor/bundle/ruby/3.2.0/gems/psych-5.3.1/ext/psych
make DESTDIR\= sitearchdir\=./.gem.20260209-58424-x5esjh sitelibdir\=./.gem.20260209-58424-x5esjh clean
cd libyaml && /Applications/Xcode.app/Contents/Developer/usr/bin/make clean
/bin/sh: line 0: cd: libyaml: No such file or directory
make: [clean-so] Error 1 (ignored)
