current directory: /Users/christianroy/P/referentiel/vendor/bundle/ruby/3.2.0/gems/date-3.5.1/ext/date
/Users/christianroy/.rvm/rubies/ruby-3.2.0/bin/ruby -I /Users/christianroy/.rvm/rubies/ruby-3.2.0/lib/ruby/3.2.0 extconf.rb
checking for rb_category_warn()... yes
checking for timezone in time.h with  -Werror... yes
checking for altzone in time.h with  -Werror... no
creating Makefile

current directory: /Users/christianroy/P/referentiel/vendor/bundle/ruby/3.2.0/gems/date-3.5.1/ext/date
make DESTDIR\= sitearchdir\=./.gem.20260209-58424-f857bo sitelibdir\=./.gem.20260209-58424-f857bo clean

current directory: /Users/christianroy/P/referentiel/vendor/bundle/ruby/3.2.0/gems/date-3.5.1/ext/date
make DESTDIR\= sitearchdir\=./.gem.20260209-58424-f857bo sitelibdir\=./.gem.20260209-58424-f857bo
compiling date_core.c
compiling date_parse.c
compiling date_strftime.c
compiling date_strptime.c
linking shared-object date_core.bundle

current directory: /Users/christianroy/P/referentiel/vendor/bundle/ruby/3.2.0/gems/date-3.5.1/ext/date
make DESTDIR\= sitearchdir\=./.gem.20260209-58424-f857bo sitelibdir\=./.gem.20260209-58424-f857bo install
/usr/local/opt/coreutils/bin/ginstall -c -m 0755 date_core.bundle ./.gem.20260209-58424-f857bo

current directory: /Users/christianroy/P/referentiel/vendor/bundle/ruby/3.2.0/gems/date-3.5.1/ext/date
make DESTDIR\= sitearchdir\=./.gem.20260209-58424-f857bo sitelibdir\=./.gem.20260209-58424-f857bo clean
