current directory: /Users/christianroy/P/referentiel/vendor/bundle/ruby/3.2.0/gems/rbs-3.10.3/ext/rbs_extension
/Users/christianroy/.rvm/rubies/ruby-3.2.0/bin/ruby -I /Users/christianroy/.rvm/rubies/ruby-3.2.0/lib/ruby/3.2.0 extconf.rb
/Users/christianroy/.rvm/rubies/ruby-3.2.0/bin/ruby: warning: Ruby was built without YJIT support. You may need to install rustc to build Ruby with YJIT.
checking for whether -std=gnu99 is accepted as CFLAGS... yes
checking for whether -Wimplicit-fallthrough is accepted as CFLAGS... yes
checking for whether -Wunused-result is accepted as CFLAGS... yes
checking for whether -Wc++-compat is accepted as CFLAGS... yes
checking for whether -DNDEBUG is accepted as CFLAGS... yes
creating Makefile

current directory: /Users/christianroy/P/referentiel/vendor/bundle/ruby/3.2.0/gems/rbs-3.10.3/ext/rbs_extension
make DESTDIR\= sitearchdir\=./.gem.20260209-63190-l07mqr sitelibdir\=./.gem.20260209-63190-l07mqr clean

current directory: /Users/christianroy/P/referentiel/vendor/bundle/ruby/3.2.0/gems/rbs-3.10.3/ext/rbs_extension
make DESTDIR\= sitearchdir\=./.gem.20260209-63190-l07mqr sitelibdir\=./.gem.20260209-63190-l07mqr
compiling ./../../src/ast.c
compiling ./../../src/lexer.c
compiling ./../../src/lexstate.c
compiling ./../../src/location.c
compiling ./../../src/parser.c
compiling ./../../src/string.c
compiling ./../../src/util/rbs_allocator.c
compiling ./../../src/util/rbs_assert.c
compiling ./../../src/util/rbs_buffer.c
compiling ./../../src/util/rbs_constant_pool.c
compiling ./../../src/util/rbs_encoding.c
compiling ./../../src/util/rbs_unescape.c
compiling ast_translation.c
compiling class_constants.c
compiling legacy_location.c
compiling main.c
compiling rbs_string_bridging.c
linking shared-object rbs_extension.bundle

current directory: /Users/christianroy/P/referentiel/vendor/bundle/ruby/3.2.0/gems/rbs-3.10.3/ext/rbs_extension
make DESTDIR\= sitearchdir\=./.gem.20260209-63190-l07mqr sitelibdir\=./.gem.20260209-63190-l07mqr install
/usr/local/opt/coreutils/bin/ginstall -c -m 0755 rbs_extension.bundle ./.gem.20260209-63190-l07mqr

current directory: /Users/christianroy/P/referentiel/vendor/bundle/ruby/3.2.0/gems/rbs-3.10.3/ext/rbs_extension
make DESTDIR\= sitearchdir\=./.gem.20260209-63190-l07mqr sitelibdir\=./.gem.20260209-63190-l07mqr clean
