current directory: /Users/christianroy/P/referentiel/vendor/bundle/ruby/3.2.0/gems/prism-1.9.0/ext/prism
/Users/christianroy/.rvm/rubies/ruby-3.2.0/bin/ruby -I /Users/christianroy/.rvm/rubies/ruby-3.2.0/lib/ruby/3.2.0 extconf.rb
/Users/christianroy/.rvm/rubies/ruby-3.2.0/bin/ruby: warning: Ruby was built without YJIT support. You may need to install rustc to build Ruby with YJIT.
checking for prism.h in /Users/christianroy/P/referentiel/vendor/bundle/ruby/3.2.0/gems/prism-1.9.0/include... yes
checking for prism/extension.h in /Users/christianroy/P/referentiel/vendor/bundle/ruby/3.2.0/gems/prism-1.9.0/ext... yes
checking for whether -fvisibility=hidden is accepted as CFLAGS... yes
creating Makefile

current directory: /Users/christianroy/P/referentiel/vendor/bundle/ruby/3.2.0/gems/prism-1.9.0/ext/prism
make DESTDIR\= sitearchdir\=./.gem.20260209-63190-73fud7 sitelibdir\=./.gem.20260209-63190-73fud7 clean

current directory: /Users/christianroy/P/referentiel/vendor/bundle/ruby/3.2.0/gems/prism-1.9.0/ext/prism
make DESTDIR\= sitearchdir\=./.gem.20260209-63190-73fud7 sitelibdir\=./.gem.20260209-63190-73fud7
compiling api_node.c
compiling api_pack.c
compiling extension.c
compiling ./../../src/diagnostic.c
compiling ./../../src/encoding.c
compiling ./../../src/node.c
compiling ./../../src/options.c
compiling ./../../src/pack.c
compiling ./../../src/prettyprint.c
compiling ./../../src/prism.c
compiling ./../../src/regexp.c
compiling ./../../src/serialize.c
compiling ./../../src/static_literals.c
compiling ./../../src/token_type.c
compiling ./../../src/util/pm_buffer.c
compiling ./../../src/util/pm_char.c
compiling ./../../src/util/pm_constant_pool.c
compiling ./../../src/util/pm_integer.c
compiling ./../../src/util/pm_list.c
compiling ./../../src/util/pm_memchr.c
compiling ./../../src/util/pm_newline_list.c
compiling ./../../src/util/pm_string.c
compiling ./../../src/util/pm_strncasecmp.c
compiling ./../../src/util/pm_strpbrk.c
linking shared-object prism/prism.bundle

current directory: /Users/christianroy/P/referentiel/vendor/bundle/ruby/3.2.0/gems/prism-1.9.0/ext/prism
make DESTDIR\= sitearchdir\=./.gem.20260209-63190-73fud7 sitelibdir\=./.gem.20260209-63190-73fud7 install
/usr/local/opt/coreutils/bin/ginstall -c -m 0755 prism.bundle ./.gem.20260209-63190-73fud7/prism

current directory: /Users/christianroy/P/referentiel/vendor/bundle/ruby/3.2.0/gems/prism-1.9.0/ext/prism
make DESTDIR\= sitearchdir\=./.gem.20260209-63190-73fud7 sitelibdir\=./.gem.20260209-63190-73fud7 clean
